// Jest Snapshot v1, https://goo.gl/fbAQLP

exports[`renders NumericKeys correctly 1`] = `
<div
  className="numbers"
>
  <button
    className="btn-cal btn-primary"
    data-testid="seven"
    onClick={[Function]}
    type="button"
  >
    7
  </button>
  <button
    className="btn-cal btn-primary"
    data-testid="eight"
    onClick={[Function]}
    type="button"
  >
    8
  </button>
  <button
    className="btn-cal btn-primary"
    data-testid="nine"
    onClick={[Function]}
    type="button"
  >
    9
  </button>
  <button
    className="btn-cal btn-primary"
    data-testid="four"
    onClick={[Function]}
    type="button"
  >
    4
  </button>
  <button
    className="btn-cal btn-primary"
    data-testid="five"
    onClick={[Function]}
    type="button"
  >
    5
  </button>
  <button
    className="btn-cal btn-primary"
    data-testid="six"
    onClick={[Function]}
    type="button"
  >
    6
  </button>
  <button
    className="btn-cal btn-primary"
    data-testid="one"
    onClick={[Function]}
    type="button"
  >
    1
  </button>
  <button
    className="btn-cal btn-primary"
    data-testid="two"
    onClick={[Function]}
    type="button"
  >
    2
  </button>
  <button
    className="btn-cal btn-primary"
    data-testid="three"
    onClick={[Function]}
    type="button"
  >
    3
  </button>
  <button
    className="btn-cal btn-primary col-span-2"
    data-testid="zero"
    onClick={[Function]}
    type="button"
  >
    0
  </button>
  <button
    className="btn-cal btn-primary"
    data-testid="full-stop"
    onClick={[Function]}
    type="button"
  >
    .
  </button>
</div>
`;
