// Jest Snapshot v1, https://goo.gl/fbAQLP

exports[`renders NumericKeys correctly 1`] = `
[
  <button
    className="btn-cal btn-top"
    onClick={[Function]}
    type="button"
  >
    AC
  </button>,
  <button
    className="btn-cal btn-top"
    onClick={[Function]}
    type="button"
  >
    CE
  </button>,
  <button
    className="btn-cal btn-top"
    onClick={[Function]}
    type="button"
  >
    +/-
  </button>,
  <button
    className="btn-cal btn-top"
    onClick={[Function]}
    type="button"
  >
    %
  </button>,
  <button
    className="btn-cal btn-side"
    onClick={[Function]}
    type="button"
  >
    รท
  </button>,
  <button
    className="btn-cal btn-side"
    onClick={[Function]}
    type="button"
  >
    x
  </button>,
  <button
    className="btn-cal btn-side"
    onClick={[Function]}
    type="button"
  >
    -
  </button>,
  <button
    className="btn-cal btn-side"
    onClick={[Function]}
    type="button"
  >
    +
  </button>,
  <button
    className="btn-cal btn-side"
    onClick={[Function]}
    type="button"
  >
    =
  </button>,
]
`;
